{
  "follow": {
    "operation": "deleted",
    "value": false
  },
  "host": {
    "operation": "no_changed",
    "value": "hexlet.io"
  },
  "proxy": {
    "operation": "deleted",
    "value": "123.234.53.22"
  },
  "timeout": {
    "operation": "updated",
    "value": {
      "old": 50,
      "new": 20
    }
  },
  "verbose": {
    "operation": "added",
    "value": true
  }
}