{
  "common": {
    "operation": "children",
    "value": {
      "follow": {
        "operation": "added",
        "value": false
      },
      "setting1": {
        "operation": "no_changed",
        "value": "Value 1"
      },
      "setting2": {
        "operation": "deleted",
        "value": 200
      },
      "setting3": {
        "operation": "updated",
        "value": {
          "old": true,
          "new": null
        }
      },
      "setting4": {
        "operation": "added",
        "value": "blah blah"
      },
      "setting5": {
        "operation": "added",
        "value": {
          "key5": "value5"
        }
      },
      "setting6": {
        "operation": "children",
        "value": {
          "doge": {
            "operation": "children",
            "value": {
              "wow": {
                "operation": "updated",
                "value": {
                  "old": "",
                  "new": "so much"
                }
              }
            }
          },
          "key": {
            "operation": "no_changed",
            "value": "value"
          },
          "ops": {
            "operation": "added",
            "value": "vops"
          }
        }
      }
    }
  },
  "group1": {
    "operation": "children",
    "value": {
      "baz": {
        "operation": "updated",
        "value": {
          "old": "bas",
          "new": "bars"
        }
      },
      "foo": {
        "operation": "no_changed",
        "value": "bar"
      },
      "nest": {
        "operation": "updated",
        "value": {
          "old": {
            "key": "value"
          },
          "new": "str"
        }
      }
    }
  },
  "group2": {
    "operation": "deleted",
    "value": {
      "abc": 12345,
      "deep": {
        "id": 45
      }
    }
  },
  "group3": {
    "operation": "added",
    "value": {
      "deep": {
        "id": {
          "number": 45
        }
      },
      "fee": 100500
    }
  }
}